 
****************************************
Report : clocks
Design : FFT_PAD
Version: L-2016.03-SP5-5
Date   : Sun Nov 22 19:57:53 2020
****************************************

Attributes:
    d - dont_touch_network
    f - fix_hold
    p - propagated_clock
    G - generated_clock
    g - lib_generated_clock

Clock          Period   Waveform            Attrs     Sources
--------------------------------------------------------------------------------
clk              5.40   {0 2.7}             f         {i_CLK}
--------------------------------------------------------------------------------
1
 
****************************************
Report : clock_skew
Design : FFT_PAD
Version: L-2016.03-SP5-5
Date   : Sun Nov 22 19:57:53 2020
****************************************

                 Rise      Fall  Min Rise  Min fall        Uncertainty
Object          Delay     Delay     Delay     Delay     Plus      Minus
--------------------------------------------------------------------------------
clk                 -         -         -         -         -      0.16

                 Max Transition      Min Transition
Object           Rise      Fall      Rise      Fall
-------------------------------------------------------
clk              0.70      0.70      0.70      0.70
1
