 
****************************************
Report : net
Design : FFT_PAD
Version: L-2016.03-SP5-5
Date   : Sun Nov 22 20:01:52 2020
****************************************


Operating Conditions: ss_1p08v_125c   Library: scmetropmk_cmos10lp_rvt_ss_1p08v_125c_sadhm
Wire Load Model Mode: top


Attributes:
   dr - drc disabled
    c - annotated capacitance
    d - dont_touch
    h - high fanout

Net
 Fanout    Fanin     Load      LoadUR    LoadUF    LoadLR    LoadLF    Resist    Pins      Attr
-----------------------------------------------------------------------------------------------
*Logic0*
    321         1        2.41      2.41      2.41      2.41      2.41      0.00     322    dr
*Logic1*
    126         1        0.94      0.94      0.94      0.94      0.94      0.00     127    dr
i_CLK
      1         2        2.13      2.13      2.13      2.13      2.13      0.00       2    c, d
i_DATA_IMAG[0]
      1         2        2.13      2.13      2.13      2.13      2.13      0.00       2    c, d
i_DATA_IMAG[1]
      1         2        2.13      2.13      2.13      2.13      2.13      0.00       2    c, d
i_DATA_IMAG[2]
      1         2        2.13      2.13      2.13      2.13      2.13      0.00       2    c, d
i_DATA_IMAG[3]
      1         2        2.13      2.13      2.13      2.13      2.13      0.00       2    c, d
i_DATA_IMAG[4]
      1         2        2.13      2.13      2.13      2.13      2.13      0.00       2    c, d
i_DATA_IMAG[5]
      1         2        2.13      2.13      2.13      2.13      2.13      0.00       2    c, d
i_DATA_IMAG[6]
      1         2        2.13      2.13      2.13      2.13      2.13      0.00       2    c, d
i_DATA_IMAG[7]
      1         2        2.13      2.13      2.13      2.13      2.13      0.00       2    c, d
i_DATA_IMAG[8]
      1         2        2.13      2.13      2.13      2.13      2.13      0.00       2    c, d
i_DATA_IMAG[9]
      1         2        2.13      2.13      2.13      2.13      2.13      0.00       2    c, d
i_DATA_IMAG[10]
      1         2        2.13      2.13      2.13      2.13      2.13      0.00       2    c, d
i_DATA_IMAG[11]
      1         2        2.13      2.13      2.13      2.13      2.13      0.00       2    c, d
i_DATA_REAL[0]
      1         2        2.13      2.13      2.13      2.13      2.13      0.00       2    c, d
i_DATA_REAL[1]
      1         2        2.13      2.13      2.13      2.13      2.13      0.00       2    c, d
i_DATA_REAL[2]
      1         2        2.13      2.13      2.13      2.13      2.13      0.00       2    c, d
i_DATA_REAL[3]
      1         2        2.13      2.13      2.13      2.13      2.13      0.00       2    c, d
i_DATA_REAL[4]
      1         2        2.13      2.13      2.13      2.13      2.13      0.00       2    c, d
i_DATA_REAL[5]
      1         2        2.13      2.13      2.13      2.13      2.13      0.00       2    c, d
i_DATA_REAL[6]
      1         2        2.13      2.13      2.13      2.13      2.13      0.00       2    c, d
i_DATA_REAL[7]
      1         2        2.13      2.13      2.13      2.13      2.13      0.00       2    c, d
i_DATA_REAL[8]
      1         2        2.13      2.13      2.13      2.13      2.13      0.00       2    c, d
i_DATA_REAL[9]
      1         2        2.13      2.13      2.13      2.13      2.13      0.00       2    c, d
i_DATA_REAL[10]
      1         2        2.13      2.13      2.13      2.13      2.13      0.00       2    c, d
i_DATA_REAL[11]
      1         2        2.13      2.13      2.13      2.13      2.13      0.00       2    c, d
i_RSTN
      1         2        2.15      2.15      2.15      2.15      2.15      0.00       2    c, d
i_VALID
      1         2        2.13      2.13      2.13      2.13      2.13      0.00       2    c, d
net362
      1         1        0.01      0.01      0.01      0.01      0.01      0.00       2    dr
net363
      1         1        0.01      0.01      0.01      0.01      0.01      0.00       2    dr
net364
      1         1        0.01      0.01      0.01      0.01      0.01      0.00       2    dr
net365
      1         1        0.01      0.01      0.01      0.01      0.01      0.00       2    dr
net366
      1         1        0.01      0.01      0.01      0.01      0.01      0.00       2    dr
net367
      1         1        0.01      0.01      0.01      0.01      0.01      0.00       2    dr
net368
      1         1        0.01      0.01      0.01      0.01      0.01      0.00       2    dr
net369
      1         1        0.01      0.01      0.01      0.01      0.01      0.00       2    dr
net370
      1         1        0.01      0.01      0.01      0.01      0.01      0.00       2    dr
net371
      1         1        0.01      0.01      0.01      0.01      0.01      0.00       2    dr
net372
      1         1        0.01      0.01      0.01      0.01      0.01      0.00       2    dr
net373
      1         1        0.01      0.01      0.01      0.01      0.01      0.00       2    dr
net374
      1         1        0.01      0.01      0.01      0.01      0.01      0.00       2    dr
net375
      1         1        0.01      0.01      0.01      0.01      0.01      0.00       2    dr
net376
      1         1        0.01      0.01      0.01      0.01      0.01      0.00       2    dr
net377
      1         1        0.01      0.01      0.01      0.01      0.01      0.00       2    dr
net378
      1         1        0.01      0.01      0.01      0.01      0.01      0.00       2    dr
net379
      1         1        0.01      0.01      0.01      0.01      0.01      0.00       2    dr
net380
      1         1        0.01      0.01      0.01      0.01      0.01      0.00       2    dr
net381
      1         1        0.01      0.01      0.01      0.01      0.01      0.00       2    dr
net382
      1         1        0.01      0.01      0.01      0.01      0.01      0.00       2    dr
net383
      1         1        0.01      0.01      0.01      0.01      0.01      0.00       2    dr
net384
      1         1        0.01      0.01      0.01      0.01      0.01      0.00       2    dr
net385
      1         1        0.01      0.01      0.01      0.01      0.01      0.00       2    dr
net386
      1         1        0.01      0.01      0.01      0.01      0.01      0.00       2    dr
net387
      1         1        0.01      0.01      0.01      0.01      0.01      0.00       2    dr
net388
      1         1        0.01      0.01      0.01      0.01      0.01      0.00       2    dr
net389
      1         1        0.01      0.01      0.01      0.01      0.01      0.00       2    dr
net390
      1         1        0.01      0.01      0.01      0.01      0.01      0.00       2    dr
net391
      1         1        0.01      0.01      0.01      0.01      0.01      0.00       2    dr
net392
      1         1        0.01      0.01      0.01      0.01      0.01      0.00       2    dr
net393
      1         1        0.01      0.01      0.01      0.01      0.01      0.00       2    dr
net394
      1         1        0.01      0.01      0.01      0.01      0.01      0.00       2    dr
net395
      1         1        0.01      0.01      0.01      0.01      0.01      0.00       2    dr
net396
      1         1        0.01      0.01      0.01      0.01      0.01      0.00       2    dr
net397
      1         1        0.01      0.01      0.01      0.01      0.01      0.00       2    dr
net398
      1         1        0.01      0.01      0.01      0.01      0.01      0.00       2    dr
net399
      1         1        0.01      0.01      0.01      0.01      0.01      0.00       2    dr
net400
      1         1        0.01      0.01      0.01      0.01      0.01      0.00       2    dr
net401
      1         1        0.01      0.01      0.01      0.01      0.01      0.00       2    dr
net402
      1         1        0.01      0.01      0.01      0.01      0.01      0.00       2    dr
net403
      1         1        0.01      0.01      0.01      0.01      0.01      0.00       2    dr
net404
      1         1        0.01      0.01      0.01      0.01      0.01      0.00       2    dr
net405
      1         1        0.01      0.01      0.01      0.01      0.01      0.00       2    dr
net406
      1         1        0.01      0.01      0.01      0.01      0.01      0.00       2    dr
net407
      1         1        0.01      0.01      0.01      0.01      0.01      0.00       2    dr
net408
      1         1        0.01      0.01      0.01      0.01      0.01      0.00       2    dr
net409
      1         1        0.01      0.01      0.01      0.01      0.01      0.00       2    dr
net410
      1         1        0.01      0.01      0.01      0.01      0.01      0.00       2    dr
net411
      1         1        0.01      0.01      0.01      0.01      0.01      0.00       2    dr
net412
      1         1        0.01      0.01      0.01      0.01      0.01      0.00       2    dr
net413
      1         1        0.01      0.01      0.01      0.01      0.01      0.00       2    dr
net414
      1         1        0.01      0.01      0.01      0.01      0.01      0.00       2    dr
net415
      1         1        0.01      0.01      0.01      0.01      0.01      0.00       2    dr
net416
      1         1        0.01      0.01      0.01      0.01      0.01      0.00       2    dr
net417
      1         1        0.01      0.01      0.01      0.01      0.01      0.00       2    dr
net418
      1         1        0.01      0.01      0.01      0.01      0.01      0.00       2    dr
net419
      1         1        0.01      0.01      0.01      0.01      0.01      0.00       2    dr
net420
      1         1        0.01      0.01      0.01      0.01      0.01      0.00       2    dr
net421
      1         1        0.01      0.01      0.01      0.01      0.01      0.00       2    dr
o_DATA_IMAG[0]
      2         1        2.13      2.13      2.13      2.13      2.13      0.00       2    c, d
o_DATA_IMAG[1]
      2         1        2.13      2.13      2.13      2.13      2.13      0.00       2    c, d
o_DATA_IMAG[2]
      2         1        2.13      2.13      2.13      2.13      2.13      0.00       2    c, d
o_DATA_IMAG[3]
      2         1        2.13      2.13      2.13      2.13      2.13      0.00       2    c, d
o_DATA_IMAG[4]
      2         1        2.13      2.13      2.13      2.13      2.13      0.00       2    c, d
o_DATA_IMAG[5]
      2         1        2.13      2.13      2.13      2.13      2.13      0.00       2    c, d
o_DATA_IMAG[6]
      2         1        2.13      2.13      2.13      2.13      2.13      0.00       2    c, d
o_DATA_IMAG[7]
      2         1        2.13      2.13      2.13      2.13      2.13      0.00       2    c, d
o_DATA_IMAG[8]
      2         1        2.13      2.13      2.13      2.13      2.13      0.00       2    c, d
o_DATA_IMAG[9]
      2         1        2.13      2.13      2.13      2.13      2.13      0.00       2    c, d
o_DATA_IMAG[10]
      4         3        6.38      6.38      6.38      6.38      6.38      0.00       4    c, d
o_DATA_IMAG[11]
      4         3        6.38      6.38      6.38      6.38      6.38      0.00       4    c, d
o_DATA_REAL[0]
      2         1        2.13      2.13      2.13      2.13      2.13      0.00       2    c, d
o_DATA_REAL[1]
      2         1        2.13      2.13      2.13      2.13      2.13      0.00       2    c, d
o_DATA_REAL[2]
      2         1        2.13      2.13      2.13      2.13      2.13      0.00       2    c, d
o_DATA_REAL[3]
      2         1        2.13      2.13      2.13      2.13      2.13      0.00       2    c, d
o_DATA_REAL[4]
      2         1        2.13      2.13      2.13      2.13      2.13      0.00       2    c, d
o_DATA_REAL[5]
      2         1        2.13      2.13      2.13      2.13      2.13      0.00       2    c, d
o_DATA_REAL[6]
      2         1        2.13      2.13      2.13      2.13      2.13      0.00       2    c, d
o_DATA_REAL[7]
      2         1        2.13      2.13      2.13      2.13      2.13      0.00       2    c, d
o_DATA_REAL[8]
      2         1        2.13      2.13      2.13      2.13      2.13      0.00       2    c, d
o_DATA_REAL[9]
      2         1        2.13      2.13      2.13      2.13      2.13      0.00       2    c, d
o_DATA_REAL[10]
      2         1        2.13      2.13      2.13      2.13      2.13      0.00       2    c, d
o_DATA_REAL[11]
      2         1        2.13      2.13      2.13      2.13      2.13      0.00       2    c, d
o_DATA_REAL[12]
      2         1        2.13      2.13      2.13      2.13      2.13      0.00       2    c, d
o_DATA_REAL[13]
      2         1        2.13      2.13      2.13      2.13      2.13      0.00       2    c, d
o_DATA_REAL[14]
      2         1        2.13      2.13      2.13      2.13      2.13      0.00       2    c, d
o_DATA_REAL[15]
      2         1        2.13      2.13      2.13      2.13      2.13      0.00       2    c, d
o_VALID
      2         1        2.13      2.13      2.13      2.13      2.13      0.00       2    c, d
w_clk_p
   2505         1     1001.00   1001.00   1001.00   1001.00   1001.00      0.00    2506    dr, h
w_i_data_imag_p[0]
      1         1        0.00      0.00      0.00      0.00      0.00      0.00       2    
w_i_data_imag_p[1]
      1         1        0.00      0.00      0.00      0.00      0.00      0.00       2    
w_i_data_imag_p[2]
      1         1        0.00      0.00      0.00      0.00      0.00      0.00       2    
w_i_data_imag_p[3]
      1         1        0.00      0.00      0.00      0.00      0.00      0.00       2    
w_i_data_imag_p[4]
      1         1        0.00      0.00      0.00      0.00      0.00      0.00       2    
w_i_data_imag_p[5]
      1         1        0.00      0.00      0.00      0.00      0.00      0.00       2    
w_i_data_imag_p[6]
      1         1        0.00      0.00      0.00      0.00      0.00      0.00       2    
w_i_data_imag_p[7]
      1         1        0.00      0.00      0.00      0.00      0.00      0.00       2    
w_i_data_imag_p[8]
      1         1        0.00      0.00      0.00      0.00      0.00      0.00       2    
w_i_data_imag_p[9]
      1         1        0.00      0.00      0.00      0.00      0.00      0.00       2    
w_i_data_imag_p[10]
      1         1        0.00      0.00      0.00      0.00      0.00      0.00       2    
w_i_data_imag_p[11]
      1         1        0.00      0.00      0.00      0.00      0.00      0.00       2    
w_i_data_real_p[0]
      1         1        0.00      0.00      0.00      0.00      0.00      0.00       2    
w_i_data_real_p[1]
      1         1        0.00      0.00      0.00      0.00      0.00      0.00       2    
w_i_data_real_p[2]
      1         1        0.00      0.00      0.00      0.00      0.00      0.00       2    
w_i_data_real_p[3]
      1         1        0.00      0.00      0.00      0.00      0.00      0.00       2    
w_i_data_real_p[4]
      1         1        0.00      0.00      0.00      0.00      0.00      0.00       2    
w_i_data_real_p[5]
      1         1        0.00      0.00      0.00      0.00      0.00      0.00       2    
w_i_data_real_p[6]
      1         1        0.00      0.00      0.00      0.00      0.00      0.00       2    
w_i_data_real_p[7]
      1         1        0.00      0.00      0.00      0.00      0.00      0.00       2    
w_i_data_real_p[8]
      1         1        0.00      0.00      0.00      0.00      0.00      0.00       2    
w_i_data_real_p[9]
      1         1        0.00      0.00      0.00      0.00      0.00      0.00       2    
w_i_data_real_p[10]
      1         1        0.00      0.00      0.00      0.00      0.00      0.00       2    
w_i_data_real_p[11]
      1         1        0.00      0.00      0.00      0.00      0.00      0.00       2    
w_i_valid_p
      1         1        0.00      0.00      0.00      0.00      0.00      0.00       2    
w_o_data_imag_p[0]
      2         1        0.01      0.01      0.01      0.01      0.01      0.00       3    
w_o_data_imag_p[1]
      2         1        0.01      0.01      0.01      0.01      0.01      0.00       3    
w_o_data_imag_p[2]
      2         1        0.01      0.01      0.01      0.01      0.01      0.00       3    
w_o_data_imag_p[3]
      2         1        0.01      0.01      0.01      0.01      0.01      0.00       3    
w_o_data_imag_p[4]
      2         1        0.01      0.01      0.01      0.01      0.01      0.00       3    
w_o_data_imag_p[5]
      2         1        0.01      0.01      0.01      0.01      0.01      0.00       3    
w_o_data_imag_p[6]
      2         1        0.01      0.01      0.01      0.01      0.01      0.00       3    
w_o_data_imag_p[7]
      2         1        0.01      0.01      0.01      0.01      0.01      0.00       3    
w_o_data_imag_p[8]
      2         1        0.01      0.01      0.01      0.01      0.01      0.00       3    
w_o_data_imag_p[9]
      2         1        0.01      0.01      0.01      0.01      0.01      0.00       3    
w_o_data_imag_p[10]
      4         1        0.02      0.02      0.02      0.02      0.02      0.00       5    
w_o_data_imag_p[11]
      4         1        0.02      0.02      0.02      0.02      0.02      0.00       5    
w_o_data_real_p[0]
      2         1        0.01      0.01      0.01      0.01      0.01      0.00       3    
w_o_data_real_p[1]
      2         1        0.01      0.01      0.01      0.01      0.01      0.00       3    
w_o_data_real_p[2]
      2         1        0.01      0.01      0.01      0.01      0.01      0.00       3    
w_o_data_real_p[3]
      2         1        0.01      0.01      0.01      0.01      0.01      0.00       3    
w_o_data_real_p[4]
      2         1        0.01      0.01      0.01      0.01      0.01      0.00       3    
w_o_data_real_p[5]
      2         1        0.01      0.01      0.01      0.01      0.01      0.00       3    
w_o_data_real_p[6]
      2         1        0.01      0.01      0.01      0.01      0.01      0.00       3    
w_o_data_real_p[7]
      2         1        0.01      0.01      0.01      0.01      0.01      0.00       3    
w_o_data_real_p[8]
      2         1        0.01      0.01      0.01      0.01      0.01      0.00       3    
w_o_data_real_p[9]
      2         1        0.01      0.01      0.01      0.01      0.01      0.00       3    
w_o_data_real_p[10]
      2         1        0.01      0.01      0.01      0.01      0.01      0.00       3    
w_o_data_real_p[11]
      2         1        0.01      0.01      0.01      0.01      0.01      0.00       3    
w_o_data_real_p[12]
      2         1        0.01      0.01      0.01      0.01      0.01      0.00       3    
w_o_data_real_p[13]
      2         1        0.01      0.01      0.01      0.01      0.01      0.00       3    
w_o_data_real_p[14]
      2         1        0.01      0.01      0.01      0.01      0.01      0.00       3    
w_o_data_real_p[15]
      2         1        0.01      0.01      0.01      0.01      0.01      0.00       3    
w_o_valid_p
      2         1        0.01      0.01      0.01      0.01      0.01      0.00       3    
w_rstn_p
    396         1        0.73      0.72      0.73      0.72      0.73      0.00     397    
-----------------------------------------------------------------------------------------------
Total 174 nets
   3584       205     1133.79   1133.78   1133.79   1133.78   1133.79      0.00    3729
Maximum
   2505         3     1001.00   1001.00   1001.00   1001.00   1001.00      0.00    2506
Average
  20.60      1.18        6.52      6.52      6.52      6.52      6.52      0.00   21.43
1
