 
****************************************
Report : area
Design : FFT_PAD
Version: L-2016.03-SP5-5
Date   : Sun Nov 22 20:01:52 2020
****************************************

Library(s) Used:

    scmetro_cmos10lp_hvt_ss_1p08v_125c_sadhm (File: /Tools/Library/samsung65_2016/CB_1502/PRIMITIVE/sec100226_0043_SS65LP_Normal_HVT_Normal_FE_Common_N/synopsys/scmetro_cmos10lp_hvt_ss_1p08v_125c_sadhm.db)
    scmetro_cmos10lp_rvt_ss_1p08v_125c_sadhm (File: /Tools/Library/samsung65_2016/CB_1502/PRIMITIVE/sec100226_0042_SS65LP_Normal_RVT_Normal_FE_Common_N/synopsys/scmetro_cmos10lp_rvt_ss_1p08v_125c_sadhm.db)
    ss65lp3p3v_wst_108_300_p125 (File: /Tools/Library/samsung65_2016/CB_1502/IO/synopsys/ss65lp3p3v_wst_108_300_p125.db)

Number of ports:                         4068
Number of nets:                         25527
Number of cells:                        21248
Number of combinational cells:          18435
Number of sequential cells:              2609
Number of macros/black boxes:             168
Number of buf/inv:                       2928
Number of references:                       9

Combinational area:              50987.840384
Buf/Inv area:                     3120.639935
Noncombinational area:           22552.960715
Macro/Black Box area:                0.000000
Net Interconnect area:      undefined  (No wire load specified)

Total cell area:                 73540.801099
Total area:                 undefined
1
