Information: Propagating switching activity (high effort zero delay simulation). (PWR-6)
Warning: Design has unannotated primary inputs. (PWR-414)
Warning: Design has unannotated sequential cell outputs. (PWR-415)
Warning: Design has unannotated black box outputs. (PWR-428)
 
****************************************
Report : power
        -analysis_effort high
        -verbose
Design : FFT_PAD
Version: L-2016.03-SP5-5
Date   : Sun Nov 22 20:01:58 2020
****************************************


Library(s) Used:

    scmetro_cmos10lp_hvt_ss_1p08v_125c_sadhm (File: /Tools/Library/samsung65_2016/CB_1502/PRIMITIVE/sec100226_0043_SS65LP_Normal_HVT_Normal_FE_Common_N/synopsys/scmetro_cmos10lp_hvt_ss_1p08v_125c_sadhm.db)
    scmetro_cmos10lp_rvt_ss_1p08v_125c_sadhm (File: /Tools/Library/samsung65_2016/CB_1502/PRIMITIVE/sec100226_0042_SS65LP_Normal_RVT_Normal_FE_Common_N/synopsys/scmetro_cmos10lp_rvt_ss_1p08v_125c_sadhm.db)
    ss65lp3p3v_wst_108_300_p125 (File: /Tools/Library/samsung65_2016/CB_1502/IO/synopsys/ss65lp3p3v_wst_108_300_p125.db)


Operating Conditions: ss_1p08v_125c   Library: scmetropmk_cmos10lp_rvt_ss_1p08v_125c_sadhm
Wire Load Model Mode: top


Global Operating Voltage = 1.08 
Power-specific unit information :
    Voltage Units = 1V
    Capacitance Units = 1.000000pf
    Time Units = 1ns
    Dynamic Power Units = 1mW    (derived from V,C,T units)
    Leakage Power Units = 1mW


  Cell Internal Power  =  13.2221 mW    (6%)
  Net Switching Power  = 216.6321 mW   (94%)
                         ---------
Total Dynamic Power    = 229.8542 mW  (100%)

Cell Leakage Power     =  93.9986 uW

                 Internal         Switching           Leakage            Total                         Cell
Power Group      Power            Power               Power              Power   (   %    )  Attrs  Count
---------------------------------------------------------------------------------------------------------
io_pad             9.3928          216.5369        5.0151e-02          225.9800  (  98.27%)            207
memory             0.0000            0.0000            0.0000            0.0000  (   0.00%)            0
black_box          0.0000            0.0000            0.0000            0.0000  (   0.00%)            0
clock_network      0.0000            0.0000            0.0000            0.0000  (   0.00%)            0
register           3.7258        1.2163e-02        2.8248e-03            3.7408  (   1.63%)            2505
sequential         0.0000            0.0000            0.0000            0.0000  (   0.00%)            0
combinational      0.1035        8.2974e-02        4.1023e-02            0.2275  (   0.10%)            18396
---------------------------------------------------------------------------------------------------------
Total             13.2221 mW       216.6320 mW     9.3999e-02 mW       229.9483 mW
1
