**************************************************
Report         : black_boxes

Reference      : ref:/WORK/FFT_PAD
Implementation : impl:/WORK/FFT_PAD
Version        : I-2013.12-SP2
Date           : Mon Nov 23 12:50:58 2020
**************************************************
Information: Reporting black boxes for current reference and implementation designs. (FM-184)

 ___________________________________________________
|                                                   |
|  Legend:                                          |
|           Black Box Attributes                    |
|              s = Set with set_black_box command   |
|              i = Module read with -interface_only |
|              u = Unresolved design module         |
|              e = Empty design module              |
|              * = Unlinked design module           |
|             ut = Unread tech cells pins           |
|___________________________________________________|


##################################################################
####    DESIGN LIBRARY - impl:/FM_RETIMING
##################################################################
Type  Design Name
----  ----------
e      fm_ret_bwmb_1_1_1_bbox

       Instances : 1 of 1
       ------------------------
       impl:/WORK/FFT_PAD/FFT/fm_ret_bwmc_1_1_1/fm_bb

e      fm_ret_bwmb_1_1_2_bbox

       Instances : 1 of 1
       ------------------------
       impl:/WORK/FFT_PAD/FFT/shift_4/fm_ret_bwmc_1_1_2/fm_bb

e      fm_ret_fwmb_1_1_10_bbox

       Instances : 1 of 1
       ------------------------
       impl:/WORK/FFT_PAD/FFT/rom16/fm_ret_fwmc_1_1_10/fm_bb

e      fm_ret_fwmb_1_1_11_bbox

       Instances : 1 of 1
       ------------------------
       impl:/WORK/FFT_PAD/FFT/fm_ret_fwmc_1_1_11/fm_bb

e      fm_ret_fwmb_1_1_12_bbox

       Instances : 1 of 1
       ------------------------
       impl:/WORK/FFT_PAD/FFT/rom8/fm_ret_fwmc_1_1_12/fm_bb

e      fm_ret_fwmb_1_1_13_bbox

       Instances : 1 of 1
       ------------------------
       impl:/WORK/FFT_PAD/FFT/rom8/fm_ret_fwmc_1_1_13/fm_bb

e      fm_ret_fwmb_1_1_14_bbox

       Instances : 1 of 1
       ------------------------
       impl:/WORK/FFT_PAD/FFT/fm_ret_fwmc_1_1_14/fm_bb

e      fm_ret_fwmb_1_1_1_bbox

       Instances : 1 of 1
       ------------------------
       impl:/WORK/FFT_PAD/FFT/fm_ret_fwmc_1_1_1/fm_bb

e      fm_ret_fwmb_1_1_2_bbox

       Instances : 1 of 1
       ------------------------
       impl:/WORK/FFT_PAD/FFT/fm_ret_fwmc_1_1_2/fm_bb

e      fm_ret_fwmb_1_1_3_bbox

       Instances : 1 of 1
       ------------------------
       impl:/WORK/FFT_PAD/FFT/fm_ret_fwmc_1_1_3/fm_bb

e      fm_ret_fwmb_1_1_4_bbox

       Instances : 1 of 1
       ------------------------
       impl:/WORK/FFT_PAD/FFT/fm_ret_fwmc_1_1_4/fm_bb

e      fm_ret_fwmb_1_1_5_bbox

       Instances : 1 of 1
       ------------------------
       impl:/WORK/FFT_PAD/FFT/fm_ret_fwmc_1_1_5/fm_bb

e      fm_ret_fwmb_1_1_6_bbox

       Instances : 1 of 1
       ------------------------
       impl:/WORK/FFT_PAD/FFT/rom16/fm_ret_fwmc_1_1_6/fm_bb

e      fm_ret_fwmb_1_1_7_bbox

       Instances : 1 of 1
       ------------------------
       impl:/WORK/FFT_PAD/FFT/rom16/fm_ret_fwmc_1_1_7/fm_bb

e      fm_ret_fwmb_1_1_8_bbox

       Instances : 1 of 1
       ------------------------
       impl:/WORK/FFT_PAD/FFT/rom16/fm_ret_fwmc_1_1_8/fm_bb

e      fm_ret_fwmb_1_1_9_bbox

       Instances : 1 of 1
       ------------------------
       impl:/WORK/FFT_PAD/FFT/rom16/fm_ret_fwmc_1_1_9/fm_bb



##################################################################
####    DESIGN LIBRARY - impl:/SS65LP3P3V_WST_108_300_P125
##################################################################
Type  Design Name
----  ----------
ut     SNPS_UNREAD_TECH_INPUT_PIN_BBOX

       Instances : 300 of 300
       ------------------------
       impl:/WORK/FFT_PAD/pad3/CPU*unread*
       impl:/WORK/FFT_PAD/pad10/CPU*unread*
       impl:/WORK/FFT_PAD/pad205/CPU*unread*
       impl:/WORK/FFT_PAD/pad3/CPD*unread*
       impl:/WORK/FFT_PAD/pad10/CPD*unread*
       impl:/WORK/FFT_PAD/pad205/CPD*unread*
       impl:/WORK/FFT_PAD/pad3/CD0*unread*
       impl:/WORK/FFT_PAD/pad10/CD0*unread*
       impl:/WORK/FFT_PAD/pad205/CD0*unread*
       impl:/WORK/FFT_PAD/pad3/CD1*unread*
       impl:/WORK/FFT_PAD/pad10/CD1*unread*
       impl:/WORK/FFT_PAD/pad205/CD1*unread*
       impl:/WORK/FFT_PAD/pad3/CLTCH*unread*
       impl:/WORK/FFT_PAD/pad10/CLTCH*unread*
       impl:/WORK/FFT_PAD/pad205/CLTCH*unread*
       impl:/WORK/FFT_PAD/pad16/CPU*unread*
       impl:/WORK/FFT_PAD/pad17/CPU*unread*
       impl:/WORK/FFT_PAD/pad22/CPU*unread*
       impl:/WORK/FFT_PAD/pad23/CPU*unread*
       impl:/WORK/FFT_PAD/pad28/CPU*unread*
       impl:/WORK/FFT_PAD/pad29/CPU*unread*
       impl:/WORK/FFT_PAD/pad35/CPU*unread*
       impl:/WORK/FFT_PAD/pad36/CPU*unread*
       impl:/WORK/FFT_PAD/pad41/CPU*unread*
       impl:/WORK/FFT_PAD/pad42/CPU*unread*
       impl:/WORK/FFT_PAD/pad47/CPU*unread*
       impl:/WORK/FFT_PAD/pad48/CPU*unread*
       impl:/WORK/FFT_PAD/pad55/CPU*unread*
       impl:/WORK/FFT_PAD/pad56/CPU*unread*
       impl:/WORK/FFT_PAD/pad61/CPU*unread*
       impl:/WORK/FFT_PAD/pad62/CPU*unread*
       impl:/WORK/FFT_PAD/pad67/CPU*unread*
       impl:/WORK/FFT_PAD/pad68/CPU*unread*
       impl:/WORK/FFT_PAD/pad73/CPU*unread*
       impl:/WORK/FFT_PAD/pad74/CPU*unread*
       impl:/WORK/FFT_PAD/pad79/CPU*unread*
       impl:/WORK/FFT_PAD/pad80/CPU*unread*
       impl:/WORK/FFT_PAD/pad85/CPU*unread*
       impl:/WORK/FFT_PAD/pad86/CPU*unread*
       impl:/WORK/FFT_PAD/pad108/CPU*unread*
       impl:/WORK/FFT_PAD/pad109/CPU*unread*
       impl:/WORK/FFT_PAD/pad115/CPU*unread*
       impl:/WORK/FFT_PAD/pad116/CPU*unread*
       impl:/WORK/FFT_PAD/pad121/CPU*unread*
       impl:/WORK/FFT_PAD/pad122/CPU*unread*
       impl:/WORK/FFT_PAD/pad127/CPU*unread*
       impl:/WORK/FFT_PAD/pad128/CPU*unread*
       impl:/WORK/FFT_PAD/pad133/CPU*unread*
       impl:/WORK/FFT_PAD/pad134/CPU*unread*
       impl:/WORK/FFT_PAD/pad139/CPU*unread*
       impl:/WORK/FFT_PAD/pad140/CPU*unread*
       impl:/WORK/FFT_PAD/pad145/CPU*unread*
       impl:/WORK/FFT_PAD/pad146/CPU*unread*
       impl:/WORK/FFT_PAD/pad151/CPU*unread*
       impl:/WORK/FFT_PAD/pad152/CPU*unread*
       impl:/WORK/FFT_PAD/pad159/CPU*unread*
       impl:/WORK/FFT_PAD/pad160/CPU*unread*
       impl:/WORK/FFT_PAD/pad165/CPU*unread*
       impl:/WORK/FFT_PAD/pad166/CPU*unread*
       impl:/WORK/FFT_PAD/pad171/CPU*unread*
       impl:/WORK/FFT_PAD/pad172/CPU*unread*
       impl:/WORK/FFT_PAD/pad177/CPU*unread*
       impl:/WORK/FFT_PAD/pad178/CPU*unread*
       impl:/WORK/FFT_PAD/pad183/CPU*unread*
       impl:/WORK/FFT_PAD/pad184/CPU*unread*
       impl:/WORK/FFT_PAD/pad189/CPU*unread*
       impl:/WORK/FFT_PAD/pad190/CPU*unread*
       impl:/WORK/FFT_PAD/pad195/CPU*unread*
       impl:/WORK/FFT_PAD/pad196/CPU*unread*
       impl:/WORK/FFT_PAD/pad201/CPU*unread*
       impl:/WORK/FFT_PAD/pad202/CPU*unread*
       impl:/WORK/FFT_PAD/pad16/CPD*unread*
       impl:/WORK/FFT_PAD/pad17/CPD*unread*
       impl:/WORK/FFT_PAD/pad22/CPD*unread*
       impl:/WORK/FFT_PAD/pad23/CPD*unread*
       impl:/WORK/FFT_PAD/pad28/CPD*unread*
       impl:/WORK/FFT_PAD/pad29/CPD*unread*
       impl:/WORK/FFT_PAD/pad35/CPD*unread*
       impl:/WORK/FFT_PAD/pad36/CPD*unread*
       impl:/WORK/FFT_PAD/pad41/CPD*unread*
       impl:/WORK/FFT_PAD/pad42/CPD*unread*
       impl:/WORK/FFT_PAD/pad47/CPD*unread*
       impl:/WORK/FFT_PAD/pad48/CPD*unread*
       impl:/WORK/FFT_PAD/pad55/CPD*unread*
       impl:/WORK/FFT_PAD/pad56/CPD*unread*
       impl:/WORK/FFT_PAD/pad61/CPD*unread*
       impl:/WORK/FFT_PAD/pad62/CPD*unread*
       impl:/WORK/FFT_PAD/pad67/CPD*unread*
       impl:/WORK/FFT_PAD/pad68/CPD*unread*
       impl:/WORK/FFT_PAD/pad73/CPD*unread*
       impl:/WORK/FFT_PAD/pad74/CPD*unread*
       impl:/WORK/FFT_PAD/pad79/CPD*unread*
       impl:/WORK/FFT_PAD/pad80/CPD*unread*
       impl:/WORK/FFT_PAD/pad85/CPD*unread*
       impl:/WORK/FFT_PAD/pad86/CPD*unread*
       impl:/WORK/FFT_PAD/pad108/CPD*unread*
       impl:/WORK/FFT_PAD/pad109/CPD*unread*
       impl:/WORK/FFT_PAD/pad115/CPD*unread*
       impl:/WORK/FFT_PAD/pad116/CPD*unread*
       impl:/WORK/FFT_PAD/pad121/CPD*unread*
       impl:/WORK/FFT_PAD/pad122/CPD*unread*
       impl:/WORK/FFT_PAD/pad127/CPD*unread*
       impl:/WORK/FFT_PAD/pad128/CPD*unread*
       impl:/WORK/FFT_PAD/pad133/CPD*unread*
       impl:/WORK/FFT_PAD/pad134/CPD*unread*
       impl:/WORK/FFT_PAD/pad139/CPD*unread*
       impl:/WORK/FFT_PAD/pad140/CPD*unread*
       impl:/WORK/FFT_PAD/pad145/CPD*unread*
       impl:/WORK/FFT_PAD/pad146/CPD*unread*
       impl:/WORK/FFT_PAD/pad151/CPD*unread*
       impl:/WORK/FFT_PAD/pad152/CPD*unread*
       impl:/WORK/FFT_PAD/pad159/CPD*unread*
       impl:/WORK/FFT_PAD/pad160/CPD*unread*
       impl:/WORK/FFT_PAD/pad165/CPD*unread*
       impl:/WORK/FFT_PAD/pad166/CPD*unread*
       impl:/WORK/FFT_PAD/pad171/CPD*unread*
       impl:/WORK/FFT_PAD/pad172/CPD*unread*
       impl:/WORK/FFT_PAD/pad177/CPD*unread*
       impl:/WORK/FFT_PAD/pad178/CPD*unread*
       impl:/WORK/FFT_PAD/pad183/CPD*unread*
       impl:/WORK/FFT_PAD/pad184/CPD*unread*
       impl:/WORK/FFT_PAD/pad189/CPD*unread*
       impl:/WORK/FFT_PAD/pad190/CPD*unread*
       impl:/WORK/FFT_PAD/pad195/CPD*unread*
       impl:/WORK/FFT_PAD/pad196/CPD*unread*
       impl:/WORK/FFT_PAD/pad201/CPD*unread*
       impl:/WORK/FFT_PAD/pad202/CPD*unread*
       impl:/WORK/FFT_PAD/pad16/CD0*unread*
       impl:/WORK/FFT_PAD/pad17/CD0*unread*
       impl:/WORK/FFT_PAD/pad22/CD0*unread*
       impl:/WORK/FFT_PAD/pad23/CD0*unread*
       impl:/WORK/FFT_PAD/pad28/CD0*unread*
       impl:/WORK/FFT_PAD/pad29/CD0*unread*
       impl:/WORK/FFT_PAD/pad35/CD0*unread*
       impl:/WORK/FFT_PAD/pad36/CD0*unread*
       impl:/WORK/FFT_PAD/pad41/CD0*unread*
       impl:/WORK/FFT_PAD/pad42/CD0*unread*
       impl:/WORK/FFT_PAD/pad47/CD0*unread*
       impl:/WORK/FFT_PAD/pad48/CD0*unread*
       impl:/WORK/FFT_PAD/pad55/CD0*unread*
       impl:/WORK/FFT_PAD/pad56/CD0*unread*
       impl:/WORK/FFT_PAD/pad61/CD0*unread*
       impl:/WORK/FFT_PAD/pad62/CD0*unread*
       impl:/WORK/FFT_PAD/pad67/CD0*unread*
       impl:/WORK/FFT_PAD/pad68/CD0*unread*
       impl:/WORK/FFT_PAD/pad73/CD0*unread*
       impl:/WORK/FFT_PAD/pad74/CD0*unread*
       impl:/WORK/FFT_PAD/pad79/CD0*unread*
       impl:/WORK/FFT_PAD/pad80/CD0*unread*
       impl:/WORK/FFT_PAD/pad85/CD0*unread*
       impl:/WORK/FFT_PAD/pad86/CD0*unread*
       impl:/WORK/FFT_PAD/pad108/CD0*unread*
       impl:/WORK/FFT_PAD/pad109/CD0*unread*
       impl:/WORK/FFT_PAD/pad115/CD0*unread*
       impl:/WORK/FFT_PAD/pad116/CD0*unread*
       impl:/WORK/FFT_PAD/pad121/CD0*unread*
       impl:/WORK/FFT_PAD/pad122/CD0*unread*
       impl:/WORK/FFT_PAD/pad127/CD0*unread*
       impl:/WORK/FFT_PAD/pad128/CD0*unread*
       impl:/WORK/FFT_PAD/pad133/CD0*unread*
       impl:/WORK/FFT_PAD/pad134/CD0*unread*
       impl:/WORK/FFT_PAD/pad139/CD0*unread*
       impl:/WORK/FFT_PAD/pad140/CD0*unread*
       impl:/WORK/FFT_PAD/pad145/CD0*unread*
       impl:/WORK/FFT_PAD/pad146/CD0*unread*
       impl:/WORK/FFT_PAD/pad151/CD0*unread*
       impl:/WORK/FFT_PAD/pad152/CD0*unread*
       impl:/WORK/FFT_PAD/pad159/CD0*unread*
       impl:/WORK/FFT_PAD/pad160/CD0*unread*
       impl:/WORK/FFT_PAD/pad165/CD0*unread*
       impl:/WORK/FFT_PAD/pad166/CD0*unread*
       impl:/WORK/FFT_PAD/pad171/CD0*unread*
       impl:/WORK/FFT_PAD/pad172/CD0*unread*
       impl:/WORK/FFT_PAD/pad177/CD0*unread*
       impl:/WORK/FFT_PAD/pad178/CD0*unread*
       impl:/WORK/FFT_PAD/pad183/CD0*unread*
       impl:/WORK/FFT_PAD/pad184/CD0*unread*
       impl:/WORK/FFT_PAD/pad189/CD0*unread*
       impl:/WORK/FFT_PAD/pad190/CD0*unread*
       impl:/WORK/FFT_PAD/pad195/CD0*unread*
       impl:/WORK/FFT_PAD/pad196/CD0*unread*
       impl:/WORK/FFT_PAD/pad201/CD0*unread*
       impl:/WORK/FFT_PAD/pad202/CD0*unread*
       impl:/WORK/FFT_PAD/pad16/CD1*unread*
       impl:/WORK/FFT_PAD/pad17/CD1*unread*
       impl:/WORK/FFT_PAD/pad22/CD1*unread*
       impl:/WORK/FFT_PAD/pad23/CD1*unread*
       impl:/WORK/FFT_PAD/pad28/CD1*unread*
       impl:/WORK/FFT_PAD/pad29/CD1*unread*
       impl:/WORK/FFT_PAD/pad35/CD1*unread*
       impl:/WORK/FFT_PAD/pad36/CD1*unread*
       impl:/WORK/FFT_PAD/pad41/CD1*unread*
       impl:/WORK/FFT_PAD/pad42/CD1*unread*
       impl:/WORK/FFT_PAD/pad47/CD1*unread*
       impl:/WORK/FFT_PAD/pad48/CD1*unread*
       impl:/WORK/FFT_PAD/pad55/CD1*unread*
       impl:/WORK/FFT_PAD/pad56/CD1*unread*
       impl:/WORK/FFT_PAD/pad61/CD1*unread*
       impl:/WORK/FFT_PAD/pad62/CD1*unread*
       impl:/WORK/FFT_PAD/pad67/CD1*unread*
       impl:/WORK/FFT_PAD/pad68/CD1*unread*
       impl:/WORK/FFT_PAD/pad73/CD1*unread*
       impl:/WORK/FFT_PAD/pad74/CD1*unread*
       impl:/WORK/FFT_PAD/pad79/CD1*unread*
       impl:/WORK/FFT_PAD/pad80/CD1*unread*
       impl:/WORK/FFT_PAD/pad85/CD1*unread*
       impl:/WORK/FFT_PAD/pad86/CD1*unread*
       impl:/WORK/FFT_PAD/pad108/CD1*unread*
       impl:/WORK/FFT_PAD/pad109/CD1*unread*
       impl:/WORK/FFT_PAD/pad115/CD1*unread*
       impl:/WORK/FFT_PAD/pad116/CD1*unread*
       impl:/WORK/FFT_PAD/pad121/CD1*unread*
       impl:/WORK/FFT_PAD/pad122/CD1*unread*
       impl:/WORK/FFT_PAD/pad127/CD1*unread*
       impl:/WORK/FFT_PAD/pad128/CD1*unread*
       impl:/WORK/FFT_PAD/pad133/CD1*unread*
       impl:/WORK/FFT_PAD/pad134/CD1*unread*
       impl:/WORK/FFT_PAD/pad139/CD1*unread*
       impl:/WORK/FFT_PAD/pad140/CD1*unread*
       impl:/WORK/FFT_PAD/pad145/CD1*unread*
       impl:/WORK/FFT_PAD/pad146/CD1*unread*
       impl:/WORK/FFT_PAD/pad151/CD1*unread*
       impl:/WORK/FFT_PAD/pad152/CD1*unread*
       impl:/WORK/FFT_PAD/pad159/CD1*unread*
       impl:/WORK/FFT_PAD/pad160/CD1*unread*
       impl:/WORK/FFT_PAD/pad165/CD1*unread*
       impl:/WORK/FFT_PAD/pad166/CD1*unread*
       impl:/WORK/FFT_PAD/pad171/CD1*unread*
       impl:/WORK/FFT_PAD/pad172/CD1*unread*
       impl:/WORK/FFT_PAD/pad177/CD1*unread*
       impl:/WORK/FFT_PAD/pad178/CD1*unread*
       impl:/WORK/FFT_PAD/pad183/CD1*unread*
       impl:/WORK/FFT_PAD/pad184/CD1*unread*
       impl:/WORK/FFT_PAD/pad189/CD1*unread*
       impl:/WORK/FFT_PAD/pad190/CD1*unread*
       impl:/WORK/FFT_PAD/pad195/CD1*unread*
       impl:/WORK/FFT_PAD/pad196/CD1*unread*
       impl:/WORK/FFT_PAD/pad201/CD1*unread*
       impl:/WORK/FFT_PAD/pad202/CD1*unread*
       impl:/WORK/FFT_PAD/pad16/CLTCH*unread*
       impl:/WORK/FFT_PAD/pad17/CLTCH*unread*
       impl:/WORK/FFT_PAD/pad22/CLTCH*unread*
       impl:/WORK/FFT_PAD/pad23/CLTCH*unread*
       impl:/WORK/FFT_PAD/pad28/CLTCH*unread*
       impl:/WORK/FFT_PAD/pad29/CLTCH*unread*
       impl:/WORK/FFT_PAD/pad35/CLTCH*unread*
       impl:/WORK/FFT_PAD/pad36/CLTCH*unread*
       impl:/WORK/FFT_PAD/pad41/CLTCH*unread*
       impl:/WORK/FFT_PAD/pad42/CLTCH*unread*
       impl:/WORK/FFT_PAD/pad47/CLTCH*unread*
       impl:/WORK/FFT_PAD/pad48/CLTCH*unread*
       impl:/WORK/FFT_PAD/pad55/CLTCH*unread*
       impl:/WORK/FFT_PAD/pad56/CLTCH*unread*
       impl:/WORK/FFT_PAD/pad61/CLTCH*unread*
       impl:/WORK/FFT_PAD/pad62/CLTCH*unread*
       impl:/WORK/FFT_PAD/pad67/CLTCH*unread*
       impl:/WORK/FFT_PAD/pad68/CLTCH*unread*
       impl:/WORK/FFT_PAD/pad73/CLTCH*unread*
       impl:/WORK/FFT_PAD/pad74/CLTCH*unread*
       impl:/WORK/FFT_PAD/pad79/CLTCH*unread*
       impl:/WORK/FFT_PAD/pad80/CLTCH*unread*
       impl:/WORK/FFT_PAD/pad85/CLTCH*unread*
       impl:/WORK/FFT_PAD/pad86/CLTCH*unread*
       impl:/WORK/FFT_PAD/pad108/CLTCH*unread*
       impl:/WORK/FFT_PAD/pad109/CLTCH*unread*
       impl:/WORK/FFT_PAD/pad115/CLTCH*unread*
       impl:/WORK/FFT_PAD/pad116/CLTCH*unread*
       impl:/WORK/FFT_PAD/pad121/CLTCH*unread*
       impl:/WORK/FFT_PAD/pad122/CLTCH*unread*
       impl:/WORK/FFT_PAD/pad127/CLTCH*unread*
       impl:/WORK/FFT_PAD/pad128/CLTCH*unread*
       impl:/WORK/FFT_PAD/pad133/CLTCH*unread*
       impl:/WORK/FFT_PAD/pad134/CLTCH*unread*
       impl:/WORK/FFT_PAD/pad139/CLTCH*unread*
       impl:/WORK/FFT_PAD/pad140/CLTCH*unread*
       impl:/WORK/FFT_PAD/pad145/CLTCH*unread*
       impl:/WORK/FFT_PAD/pad146/CLTCH*unread*
       impl:/WORK/FFT_PAD/pad151/CLTCH*unread*
       impl:/WORK/FFT_PAD/pad152/CLTCH*unread*
       impl:/WORK/FFT_PAD/pad159/CLTCH*unread*
       impl:/WORK/FFT_PAD/pad160/CLTCH*unread*
       impl:/WORK/FFT_PAD/pad165/CLTCH*unread*
       impl:/WORK/FFT_PAD/pad166/CLTCH*unread*
       impl:/WORK/FFT_PAD/pad171/CLTCH*unread*
       impl:/WORK/FFT_PAD/pad172/CLTCH*unread*
       impl:/WORK/FFT_PAD/pad177/CLTCH*unread*
       impl:/WORK/FFT_PAD/pad178/CLTCH*unread*
       impl:/WORK/FFT_PAD/pad183/CLTCH*unread*
       impl:/WORK/FFT_PAD/pad184/CLTCH*unread*
       impl:/WORK/FFT_PAD/pad189/CLTCH*unread*
       impl:/WORK/FFT_PAD/pad190/CLTCH*unread*
       impl:/WORK/FFT_PAD/pad195/CLTCH*unread*
       impl:/WORK/FFT_PAD/pad196/CLTCH*unread*
       impl:/WORK/FFT_PAD/pad201/CLTCH*unread*
       impl:/WORK/FFT_PAD/pad202/CLTCH*unread*
       impl:/WORK/FFT_PAD/pad207/CPU*unread*
       impl:/WORK/FFT_PAD/pad207/CPD*unread*
       impl:/WORK/FFT_PAD/pad207/CD0*unread*
       impl:/WORK/FFT_PAD/pad207/CD1*unread*
       impl:/WORK/FFT_PAD/pad207/CLTCH*unread*

e      vddivh

       Instances : 30 of 30
       ------------------------
       impl:/WORK/FFT_PAD/pad5
       impl:/WORK/FFT_PAD/pad12
       impl:/WORK/FFT_PAD/pad19
       impl:/WORK/FFT_PAD/pad25
       impl:/WORK/FFT_PAD/pad31
       impl:/WORK/FFT_PAD/pad38
       impl:/WORK/FFT_PAD/pad44
       impl:/WORK/FFT_PAD/pad50
       impl:/WORK/FFT_PAD/pad58
       impl:/WORK/FFT_PAD/pad64
       impl:/WORK/FFT_PAD/pad70
       impl:/WORK/FFT_PAD/pad76
       impl:/WORK/FFT_PAD/pad82
       impl:/WORK/FFT_PAD/pad88
       impl:/WORK/FFT_PAD/pad93
       impl:/WORK/FFT_PAD/pad98
       impl:/WORK/FFT_PAD/pad111
       impl:/WORK/FFT_PAD/pad124
       impl:/WORK/FFT_PAD/pad130
       impl:/WORK/FFT_PAD/pad136
       impl:/WORK/FFT_PAD/pad142
       impl:/WORK/FFT_PAD/pad148
       impl:/WORK/FFT_PAD/pad154
       impl:/WORK/FFT_PAD/pad162
       impl:/WORK/FFT_PAD/pad168
       impl:/WORK/FFT_PAD/pad174
       impl:/WORK/FFT_PAD/pad180
       impl:/WORK/FFT_PAD/pad186
       impl:/WORK/FFT_PAD/pad192
       impl:/WORK/FFT_PAD/pad198

e      vddtvh

       Instances : 10 of 10
       ------------------------
       impl:/WORK/FFT_PAD/pad6
       impl:/WORK/FFT_PAD/pad13
       impl:/WORK/FFT_PAD/pad51
       impl:/WORK/FFT_PAD/pad89
       impl:/WORK/FFT_PAD/pad94
       impl:/WORK/FFT_PAD/pad99
       impl:/WORK/FFT_PAD/pad103
       impl:/WORK/FFT_PAD/pad112
       impl:/WORK/FFT_PAD/pad118
       impl:/WORK/FFT_PAD/pad155

e      vssipvh

       Instances : 34 of 34
       ------------------------
       impl:/WORK/FFT_PAD/pad4
       impl:/WORK/FFT_PAD/pad11
       impl:/WORK/FFT_PAD/pad18
       impl:/WORK/FFT_PAD/pad24
       impl:/WORK/FFT_PAD/pad30
       impl:/WORK/FFT_PAD/pad37
       impl:/WORK/FFT_PAD/pad43
       impl:/WORK/FFT_PAD/pad49
       impl:/WORK/FFT_PAD/pad57
       impl:/WORK/FFT_PAD/pad63
       impl:/WORK/FFT_PAD/pad69
       impl:/WORK/FFT_PAD/pad75
       impl:/WORK/FFT_PAD/pad81
       impl:/WORK/FFT_PAD/pad87
       impl:/WORK/FFT_PAD/pad92
       impl:/WORK/FFT_PAD/pad97
       impl:/WORK/FFT_PAD/pad102
       impl:/WORK/FFT_PAD/pad105
       impl:/WORK/FFT_PAD/pad110
       impl:/WORK/FFT_PAD/pad117
       impl:/WORK/FFT_PAD/pad123
       impl:/WORK/FFT_PAD/pad129
       impl:/WORK/FFT_PAD/pad135
       impl:/WORK/FFT_PAD/pad141
       impl:/WORK/FFT_PAD/pad147
       impl:/WORK/FFT_PAD/pad153
       impl:/WORK/FFT_PAD/pad161
       impl:/WORK/FFT_PAD/pad167
       impl:/WORK/FFT_PAD/pad173
       impl:/WORK/FFT_PAD/pad179
       impl:/WORK/FFT_PAD/pad185
       impl:/WORK/FFT_PAD/pad191
       impl:/WORK/FFT_PAD/pad197
       impl:/WORK/FFT_PAD/pad203

e      vsstvh

       Instances : 34 of 34
       ------------------------
       impl:/WORK/FFT_PAD/pad2
       impl:/WORK/FFT_PAD/pad8
       impl:/WORK/FFT_PAD/pad9
       impl:/WORK/FFT_PAD/pad15
       impl:/WORK/FFT_PAD/pad21
       impl:/WORK/FFT_PAD/pad27
       impl:/WORK/FFT_PAD/pad34
       impl:/WORK/FFT_PAD/pad40
       impl:/WORK/FFT_PAD/pad46
       impl:/WORK/FFT_PAD/pad54
       impl:/WORK/FFT_PAD/pad60
       impl:/WORK/FFT_PAD/pad66
       impl:/WORK/FFT_PAD/pad72
       impl:/WORK/FFT_PAD/pad78
       impl:/WORK/FFT_PAD/pad84
       impl:/WORK/FFT_PAD/pad91
       impl:/WORK/FFT_PAD/pad96
       impl:/WORK/FFT_PAD/pad101
       impl:/WORK/FFT_PAD/pad107
       impl:/WORK/FFT_PAD/pad114
       impl:/WORK/FFT_PAD/pad120
       impl:/WORK/FFT_PAD/pad126
       impl:/WORK/FFT_PAD/pad132
       impl:/WORK/FFT_PAD/pad138
       impl:/WORK/FFT_PAD/pad144
       impl:/WORK/FFT_PAD/pad150
       impl:/WORK/FFT_PAD/pad158
       impl:/WORK/FFT_PAD/pad164
       impl:/WORK/FFT_PAD/pad170
       impl:/WORK/FFT_PAD/pad176
       impl:/WORK/FFT_PAD/pad182
       impl:/WORK/FFT_PAD/pad188
       impl:/WORK/FFT_PAD/pad194
       impl:/WORK/FFT_PAD/pad200



##################################################################
####    DESIGN LIBRARY - ref:/FM_RETIMING
##################################################################
Type  Design Name
----  ----------
e      fm_ret_bwmb_1_1_1_bbox

       Instances : 1 of 1
       ------------------------
       ref:/WORK/FFT_PAD/FFT/fm_ret_bwmc_1_1_1/fm_bb

e      fm_ret_bwmb_1_1_2_bbox

       Instances : 1 of 1
       ------------------------
       ref:/WORK/FFT_PAD/FFT/shift_4/fm_ret_bwmc_1_1_2/fm_bb

e      fm_ret_fwmb_1_1_10_bbox

       Instances : 1 of 1
       ------------------------
       ref:/WORK/FFT_PAD/FFT/rom16/fm_ret_fwmc_1_1_10/fm_bb

e      fm_ret_fwmb_1_1_11_bbox

       Instances : 1 of 1
       ------------------------
       ref:/WORK/FFT_PAD/FFT/shift_8/fm_ret_fwmc_1_1_11/fm_bb

e      fm_ret_fwmb_1_1_12_bbox

       Instances : 1 of 1
       ------------------------
       ref:/WORK/FFT_PAD/FFT/rom8/fm_ret_fwmc_1_1_12/fm_bb

e      fm_ret_fwmb_1_1_13_bbox

       Instances : 1 of 1
       ------------------------
       ref:/WORK/FFT_PAD/FFT/rom8/fm_ret_fwmc_1_1_13/fm_bb

e      fm_ret_fwmb_1_1_14_bbox

       Instances : 1 of 1
       ------------------------
       ref:/WORK/FFT_PAD/FFT/shift_8/fm_ret_fwmc_1_1_14/fm_bb

e      fm_ret_fwmb_1_1_1_bbox

       Instances : 1 of 1
       ------------------------
       ref:/WORK/FFT_PAD/FFT/shift_8/fm_ret_fwmc_1_1_1/fm_bb

e      fm_ret_fwmb_1_1_2_bbox

       Instances : 1 of 1
       ------------------------
       ref:/WORK/FFT_PAD/FFT/shift_8/fm_ret_fwmc_1_1_2/fm_bb

e      fm_ret_fwmb_1_1_3_bbox

       Instances : 1 of 1
       ------------------------
       ref:/WORK/FFT_PAD/FFT/shift_8/fm_ret_fwmc_1_1_3/fm_bb

e      fm_ret_fwmb_1_1_4_bbox

       Instances : 1 of 1
       ------------------------
       ref:/WORK/FFT_PAD/FFT/shift_16/fm_ret_fwmc_1_1_4/fm_bb

e      fm_ret_fwmb_1_1_5_bbox

       Instances : 1 of 1
       ------------------------
       ref:/WORK/FFT_PAD/FFT/shift_16/fm_ret_fwmc_1_1_5/fm_bb

e      fm_ret_fwmb_1_1_6_bbox

       Instances : 1 of 1
       ------------------------
       ref:/WORK/FFT_PAD/FFT/rom16/fm_ret_fwmc_1_1_6/fm_bb

e      fm_ret_fwmb_1_1_7_bbox

       Instances : 1 of 1
       ------------------------
       ref:/WORK/FFT_PAD/FFT/rom16/fm_ret_fwmc_1_1_7/fm_bb

e      fm_ret_fwmb_1_1_8_bbox

       Instances : 1 of 1
       ------------------------
       ref:/WORK/FFT_PAD/FFT/rom16/fm_ret_fwmc_1_1_8/fm_bb

e      fm_ret_fwmb_1_1_9_bbox

       Instances : 1 of 1
       ------------------------
       ref:/WORK/FFT_PAD/FFT/rom16/fm_ret_fwmc_1_1_9/fm_bb



##################################################################
####    DESIGN LIBRARY - ref:/SS65LP3P3V_WST_108_300_P125
##################################################################
Type  Design Name
----  ----------
ut     SNPS_UNREAD_TECH_INPUT_PIN_BBOX

       Instances : 300 of 300
       ------------------------
       ref:/WORK/FFT_PAD/pad3/CPU*unread*
       ref:/WORK/FFT_PAD/pad10/CPU*unread*
       ref:/WORK/FFT_PAD/pad205/CPU*unread*
       ref:/WORK/FFT_PAD/pad3/CPD*unread*
       ref:/WORK/FFT_PAD/pad10/CPD*unread*
       ref:/WORK/FFT_PAD/pad205/CPD*unread*
       ref:/WORK/FFT_PAD/pad3/CD0*unread*
       ref:/WORK/FFT_PAD/pad10/CD0*unread*
       ref:/WORK/FFT_PAD/pad205/CD0*unread*
       ref:/WORK/FFT_PAD/pad3/CD1*unread*
       ref:/WORK/FFT_PAD/pad10/CD1*unread*
       ref:/WORK/FFT_PAD/pad205/CD1*unread*
       ref:/WORK/FFT_PAD/pad3/CLTCH*unread*
       ref:/WORK/FFT_PAD/pad10/CLTCH*unread*
       ref:/WORK/FFT_PAD/pad205/CLTCH*unread*
       ref:/WORK/FFT_PAD/pad16/CPU*unread*
       ref:/WORK/FFT_PAD/pad17/CPU*unread*
       ref:/WORK/FFT_PAD/pad22/CPU*unread*
       ref:/WORK/FFT_PAD/pad23/CPU*unread*
       ref:/WORK/FFT_PAD/pad28/CPU*unread*
       ref:/WORK/FFT_PAD/pad29/CPU*unread*
       ref:/WORK/FFT_PAD/pad35/CPU*unread*
       ref:/WORK/FFT_PAD/pad36/CPU*unread*
       ref:/WORK/FFT_PAD/pad41/CPU*unread*
       ref:/WORK/FFT_PAD/pad42/CPU*unread*
       ref:/WORK/FFT_PAD/pad47/CPU*unread*
       ref:/WORK/FFT_PAD/pad48/CPU*unread*
       ref:/WORK/FFT_PAD/pad55/CPU*unread*
       ref:/WORK/FFT_PAD/pad56/CPU*unread*
       ref:/WORK/FFT_PAD/pad61/CPU*unread*
       ref:/WORK/FFT_PAD/pad62/CPU*unread*
       ref:/WORK/FFT_PAD/pad67/CPU*unread*
       ref:/WORK/FFT_PAD/pad68/CPU*unread*
       ref:/WORK/FFT_PAD/pad73/CPU*unread*
       ref:/WORK/FFT_PAD/pad74/CPU*unread*
       ref:/WORK/FFT_PAD/pad79/CPU*unread*
       ref:/WORK/FFT_PAD/pad80/CPU*unread*
       ref:/WORK/FFT_PAD/pad85/CPU*unread*
       ref:/WORK/FFT_PAD/pad86/CPU*unread*
       ref:/WORK/FFT_PAD/pad108/CPU*unread*
       ref:/WORK/FFT_PAD/pad109/CPU*unread*
       ref:/WORK/FFT_PAD/pad115/CPU*unread*
       ref:/WORK/FFT_PAD/pad116/CPU*unread*
       ref:/WORK/FFT_PAD/pad121/CPU*unread*
       ref:/WORK/FFT_PAD/pad122/CPU*unread*
       ref:/WORK/FFT_PAD/pad127/CPU*unread*
       ref:/WORK/FFT_PAD/pad128/CPU*unread*
       ref:/WORK/FFT_PAD/pad133/CPU*unread*
       ref:/WORK/FFT_PAD/pad134/CPU*unread*
       ref:/WORK/FFT_PAD/pad139/CPU*unread*
       ref:/WORK/FFT_PAD/pad140/CPU*unread*
       ref:/WORK/FFT_PAD/pad145/CPU*unread*
       ref:/WORK/FFT_PAD/pad146/CPU*unread*
       ref:/WORK/FFT_PAD/pad151/CPU*unread*
       ref:/WORK/FFT_PAD/pad152/CPU*unread*
       ref:/WORK/FFT_PAD/pad159/CPU*unread*
       ref:/WORK/FFT_PAD/pad160/CPU*unread*
       ref:/WORK/FFT_PAD/pad165/CPU*unread*
       ref:/WORK/FFT_PAD/pad166/CPU*unread*
       ref:/WORK/FFT_PAD/pad171/CPU*unread*
       ref:/WORK/FFT_PAD/pad172/CPU*unread*
       ref:/WORK/FFT_PAD/pad177/CPU*unread*
       ref:/WORK/FFT_PAD/pad178/CPU*unread*
       ref:/WORK/FFT_PAD/pad183/CPU*unread*
       ref:/WORK/FFT_PAD/pad184/CPU*unread*
       ref:/WORK/FFT_PAD/pad189/CPU*unread*
       ref:/WORK/FFT_PAD/pad190/CPU*unread*
       ref:/WORK/FFT_PAD/pad195/CPU*unread*
       ref:/WORK/FFT_PAD/pad196/CPU*unread*
       ref:/WORK/FFT_PAD/pad201/CPU*unread*
       ref:/WORK/FFT_PAD/pad202/CPU*unread*
       ref:/WORK/FFT_PAD/pad16/CPD*unread*
       ref:/WORK/FFT_PAD/pad17/CPD*unread*
       ref:/WORK/FFT_PAD/pad22/CPD*unread*
       ref:/WORK/FFT_PAD/pad23/CPD*unread*
       ref:/WORK/FFT_PAD/pad28/CPD*unread*
       ref:/WORK/FFT_PAD/pad29/CPD*unread*
       ref:/WORK/FFT_PAD/pad35/CPD*unread*
       ref:/WORK/FFT_PAD/pad36/CPD*unread*
       ref:/WORK/FFT_PAD/pad41/CPD*unread*
       ref:/WORK/FFT_PAD/pad42/CPD*unread*
       ref:/WORK/FFT_PAD/pad47/CPD*unread*
       ref:/WORK/FFT_PAD/pad48/CPD*unread*
       ref:/WORK/FFT_PAD/pad55/CPD*unread*
       ref:/WORK/FFT_PAD/pad56/CPD*unread*
       ref:/WORK/FFT_PAD/pad61/CPD*unread*
       ref:/WORK/FFT_PAD/pad62/CPD*unread*
       ref:/WORK/FFT_PAD/pad67/CPD*unread*
       ref:/WORK/FFT_PAD/pad68/CPD*unread*
       ref:/WORK/FFT_PAD/pad73/CPD*unread*
       ref:/WORK/FFT_PAD/pad74/CPD*unread*
       ref:/WORK/FFT_PAD/pad79/CPD*unread*
       ref:/WORK/FFT_PAD/pad80/CPD*unread*
       ref:/WORK/FFT_PAD/pad85/CPD*unread*
       ref:/WORK/FFT_PAD/pad86/CPD*unread*
       ref:/WORK/FFT_PAD/pad108/CPD*unread*
       ref:/WORK/FFT_PAD/pad109/CPD*unread*
       ref:/WORK/FFT_PAD/pad115/CPD*unread*
       ref:/WORK/FFT_PAD/pad116/CPD*unread*
       ref:/WORK/FFT_PAD/pad121/CPD*unread*
       ref:/WORK/FFT_PAD/pad122/CPD*unread*
       ref:/WORK/FFT_PAD/pad127/CPD*unread*
       ref:/WORK/FFT_PAD/pad128/CPD*unread*
       ref:/WORK/FFT_PAD/pad133/CPD*unread*
       ref:/WORK/FFT_PAD/pad134/CPD*unread*
       ref:/WORK/FFT_PAD/pad139/CPD*unread*
       ref:/WORK/FFT_PAD/pad140/CPD*unread*
       ref:/WORK/FFT_PAD/pad145/CPD*unread*
       ref:/WORK/FFT_PAD/pad146/CPD*unread*
       ref:/WORK/FFT_PAD/pad151/CPD*unread*
       ref:/WORK/FFT_PAD/pad152/CPD*unread*
       ref:/WORK/FFT_PAD/pad159/CPD*unread*
       ref:/WORK/FFT_PAD/pad160/CPD*unread*
       ref:/WORK/FFT_PAD/pad165/CPD*unread*
       ref:/WORK/FFT_PAD/pad166/CPD*unread*
       ref:/WORK/FFT_PAD/pad171/CPD*unread*
       ref:/WORK/FFT_PAD/pad172/CPD*unread*
       ref:/WORK/FFT_PAD/pad177/CPD*unread*
       ref:/WORK/FFT_PAD/pad178/CPD*unread*
       ref:/WORK/FFT_PAD/pad183/CPD*unread*
       ref:/WORK/FFT_PAD/pad184/CPD*unread*
       ref:/WORK/FFT_PAD/pad189/CPD*unread*
       ref:/WORK/FFT_PAD/pad190/CPD*unread*
       ref:/WORK/FFT_PAD/pad195/CPD*unread*
       ref:/WORK/FFT_PAD/pad196/CPD*unread*
       ref:/WORK/FFT_PAD/pad201/CPD*unread*
       ref:/WORK/FFT_PAD/pad202/CPD*unread*
       ref:/WORK/FFT_PAD/pad16/CD0*unread*
       ref:/WORK/FFT_PAD/pad17/CD0*unread*
       ref:/WORK/FFT_PAD/pad22/CD0*unread*
       ref:/WORK/FFT_PAD/pad23/CD0*unread*
       ref:/WORK/FFT_PAD/pad28/CD0*unread*
       ref:/WORK/FFT_PAD/pad29/CD0*unread*
       ref:/WORK/FFT_PAD/pad35/CD0*unread*
       ref:/WORK/FFT_PAD/pad36/CD0*unread*
       ref:/WORK/FFT_PAD/pad41/CD0*unread*
       ref:/WORK/FFT_PAD/pad42/CD0*unread*
       ref:/WORK/FFT_PAD/pad47/CD0*unread*
       ref:/WORK/FFT_PAD/pad48/CD0*unread*
       ref:/WORK/FFT_PAD/pad55/CD0*unread*
       ref:/WORK/FFT_PAD/pad56/CD0*unread*
       ref:/WORK/FFT_PAD/pad61/CD0*unread*
       ref:/WORK/FFT_PAD/pad62/CD0*unread*
       ref:/WORK/FFT_PAD/pad67/CD0*unread*
       ref:/WORK/FFT_PAD/pad68/CD0*unread*
       ref:/WORK/FFT_PAD/pad73/CD0*unread*
       ref:/WORK/FFT_PAD/pad74/CD0*unread*
       ref:/WORK/FFT_PAD/pad79/CD0*unread*
       ref:/WORK/FFT_PAD/pad80/CD0*unread*
       ref:/WORK/FFT_PAD/pad85/CD0*unread*
       ref:/WORK/FFT_PAD/pad86/CD0*unread*
       ref:/WORK/FFT_PAD/pad108/CD0*unread*
       ref:/WORK/FFT_PAD/pad109/CD0*unread*
       ref:/WORK/FFT_PAD/pad115/CD0*unread*
       ref:/WORK/FFT_PAD/pad116/CD0*unread*
       ref:/WORK/FFT_PAD/pad121/CD0*unread*
       ref:/WORK/FFT_PAD/pad122/CD0*unread*
       ref:/WORK/FFT_PAD/pad127/CD0*unread*
       ref:/WORK/FFT_PAD/pad128/CD0*unread*
       ref:/WORK/FFT_PAD/pad133/CD0*unread*
       ref:/WORK/FFT_PAD/pad134/CD0*unread*
       ref:/WORK/FFT_PAD/pad139/CD0*unread*
       ref:/WORK/FFT_PAD/pad140/CD0*unread*
       ref:/WORK/FFT_PAD/pad145/CD0*unread*
       ref:/WORK/FFT_PAD/pad146/CD0*unread*
       ref:/WORK/FFT_PAD/pad151/CD0*unread*
       ref:/WORK/FFT_PAD/pad152/CD0*unread*
       ref:/WORK/FFT_PAD/pad159/CD0*unread*
       ref:/WORK/FFT_PAD/pad160/CD0*unread*
       ref:/WORK/FFT_PAD/pad165/CD0*unread*
       ref:/WORK/FFT_PAD/pad166/CD0*unread*
       ref:/WORK/FFT_PAD/pad171/CD0*unread*
       ref:/WORK/FFT_PAD/pad172/CD0*unread*
       ref:/WORK/FFT_PAD/pad177/CD0*unread*
       ref:/WORK/FFT_PAD/pad178/CD0*unread*
       ref:/WORK/FFT_PAD/pad183/CD0*unread*
       ref:/WORK/FFT_PAD/pad184/CD0*unread*
       ref:/WORK/FFT_PAD/pad189/CD0*unread*
       ref:/WORK/FFT_PAD/pad190/CD0*unread*
       ref:/WORK/FFT_PAD/pad195/CD0*unread*
       ref:/WORK/FFT_PAD/pad196/CD0*unread*
       ref:/WORK/FFT_PAD/pad201/CD0*unread*
       ref:/WORK/FFT_PAD/pad202/CD0*unread*
       ref:/WORK/FFT_PAD/pad16/CD1*unread*
       ref:/WORK/FFT_PAD/pad17/CD1*unread*
       ref:/WORK/FFT_PAD/pad22/CD1*unread*
       ref:/WORK/FFT_PAD/pad23/CD1*unread*
       ref:/WORK/FFT_PAD/pad28/CD1*unread*
       ref:/WORK/FFT_PAD/pad29/CD1*unread*
       ref:/WORK/FFT_PAD/pad35/CD1*unread*
       ref:/WORK/FFT_PAD/pad36/CD1*unread*
       ref:/WORK/FFT_PAD/pad41/CD1*unread*
       ref:/WORK/FFT_PAD/pad42/CD1*unread*
       ref:/WORK/FFT_PAD/pad47/CD1*unread*
       ref:/WORK/FFT_PAD/pad48/CD1*unread*
       ref:/WORK/FFT_PAD/pad55/CD1*unread*
       ref:/WORK/FFT_PAD/pad56/CD1*unread*
       ref:/WORK/FFT_PAD/pad61/CD1*unread*
       ref:/WORK/FFT_PAD/pad62/CD1*unread*
       ref:/WORK/FFT_PAD/pad67/CD1*unread*
       ref:/WORK/FFT_PAD/pad68/CD1*unread*
       ref:/WORK/FFT_PAD/pad73/CD1*unread*
       ref:/WORK/FFT_PAD/pad74/CD1*unread*
       ref:/WORK/FFT_PAD/pad79/CD1*unread*
       ref:/WORK/FFT_PAD/pad80/CD1*unread*
       ref:/WORK/FFT_PAD/pad85/CD1*unread*
       ref:/WORK/FFT_PAD/pad86/CD1*unread*
       ref:/WORK/FFT_PAD/pad108/CD1*unread*
       ref:/WORK/FFT_PAD/pad109/CD1*unread*
       ref:/WORK/FFT_PAD/pad115/CD1*unread*
       ref:/WORK/FFT_PAD/pad116/CD1*unread*
       ref:/WORK/FFT_PAD/pad121/CD1*unread*
       ref:/WORK/FFT_PAD/pad122/CD1*unread*
       ref:/WORK/FFT_PAD/pad127/CD1*unread*
       ref:/WORK/FFT_PAD/pad128/CD1*unread*
       ref:/WORK/FFT_PAD/pad133/CD1*unread*
       ref:/WORK/FFT_PAD/pad134/CD1*unread*
       ref:/WORK/FFT_PAD/pad139/CD1*unread*
       ref:/WORK/FFT_PAD/pad140/CD1*unread*
       ref:/WORK/FFT_PAD/pad145/CD1*unread*
       ref:/WORK/FFT_PAD/pad146/CD1*unread*
       ref:/WORK/FFT_PAD/pad151/CD1*unread*
       ref:/WORK/FFT_PAD/pad152/CD1*unread*
       ref:/WORK/FFT_PAD/pad159/CD1*unread*
       ref:/WORK/FFT_PAD/pad160/CD1*unread*
       ref:/WORK/FFT_PAD/pad165/CD1*unread*
       ref:/WORK/FFT_PAD/pad166/CD1*unread*
       ref:/WORK/FFT_PAD/pad171/CD1*unread*
       ref:/WORK/FFT_PAD/pad172/CD1*unread*
       ref:/WORK/FFT_PAD/pad177/CD1*unread*
       ref:/WORK/FFT_PAD/pad178/CD1*unread*
       ref:/WORK/FFT_PAD/pad183/CD1*unread*
       ref:/WORK/FFT_PAD/pad184/CD1*unread*
       ref:/WORK/FFT_PAD/pad189/CD1*unread*
       ref:/WORK/FFT_PAD/pad190/CD1*unread*
       ref:/WORK/FFT_PAD/pad195/CD1*unread*
       ref:/WORK/FFT_PAD/pad196/CD1*unread*
       ref:/WORK/FFT_PAD/pad201/CD1*unread*
       ref:/WORK/FFT_PAD/pad202/CD1*unread*
       ref:/WORK/FFT_PAD/pad16/CLTCH*unread*
       ref:/WORK/FFT_PAD/pad17/CLTCH*unread*
       ref:/WORK/FFT_PAD/pad22/CLTCH*unread*
       ref:/WORK/FFT_PAD/pad23/CLTCH*unread*
       ref:/WORK/FFT_PAD/pad28/CLTCH*unread*
       ref:/WORK/FFT_PAD/pad29/CLTCH*unread*
       ref:/WORK/FFT_PAD/pad35/CLTCH*unread*
       ref:/WORK/FFT_PAD/pad36/CLTCH*unread*
       ref:/WORK/FFT_PAD/pad41/CLTCH*unread*
       ref:/WORK/FFT_PAD/pad42/CLTCH*unread*
       ref:/WORK/FFT_PAD/pad47/CLTCH*unread*
       ref:/WORK/FFT_PAD/pad48/CLTCH*unread*
       ref:/WORK/FFT_PAD/pad55/CLTCH*unread*
       ref:/WORK/FFT_PAD/pad56/CLTCH*unread*
       ref:/WORK/FFT_PAD/pad61/CLTCH*unread*
       ref:/WORK/FFT_PAD/pad62/CLTCH*unread*
       ref:/WORK/FFT_PAD/pad67/CLTCH*unread*
       ref:/WORK/FFT_PAD/pad68/CLTCH*unread*
       ref:/WORK/FFT_PAD/pad73/CLTCH*unread*
       ref:/WORK/FFT_PAD/pad74/CLTCH*unread*
       ref:/WORK/FFT_PAD/pad79/CLTCH*unread*
       ref:/WORK/FFT_PAD/pad80/CLTCH*unread*
       ref:/WORK/FFT_PAD/pad85/CLTCH*unread*
       ref:/WORK/FFT_PAD/pad86/CLTCH*unread*
       ref:/WORK/FFT_PAD/pad108/CLTCH*unread*
       ref:/WORK/FFT_PAD/pad109/CLTCH*unread*
       ref:/WORK/FFT_PAD/pad115/CLTCH*unread*
       ref:/WORK/FFT_PAD/pad116/CLTCH*unread*
       ref:/WORK/FFT_PAD/pad121/CLTCH*unread*
       ref:/WORK/FFT_PAD/pad122/CLTCH*unread*
       ref:/WORK/FFT_PAD/pad127/CLTCH*unread*
       ref:/WORK/FFT_PAD/pad128/CLTCH*unread*
       ref:/WORK/FFT_PAD/pad133/CLTCH*unread*
       ref:/WORK/FFT_PAD/pad134/CLTCH*unread*
       ref:/WORK/FFT_PAD/pad139/CLTCH*unread*
       ref:/WORK/FFT_PAD/pad140/CLTCH*unread*
       ref:/WORK/FFT_PAD/pad145/CLTCH*unread*
       ref:/WORK/FFT_PAD/pad146/CLTCH*unread*
       ref:/WORK/FFT_PAD/pad151/CLTCH*unread*
       ref:/WORK/FFT_PAD/pad152/CLTCH*unread*
       ref:/WORK/FFT_PAD/pad159/CLTCH*unread*
       ref:/WORK/FFT_PAD/pad160/CLTCH*unread*
       ref:/WORK/FFT_PAD/pad165/CLTCH*unread*
       ref:/WORK/FFT_PAD/pad166/CLTCH*unread*
       ref:/WORK/FFT_PAD/pad171/CLTCH*unread*
       ref:/WORK/FFT_PAD/pad172/CLTCH*unread*
       ref:/WORK/FFT_PAD/pad177/CLTCH*unread*
       ref:/WORK/FFT_PAD/pad178/CLTCH*unread*
       ref:/WORK/FFT_PAD/pad183/CLTCH*unread*
       ref:/WORK/FFT_PAD/pad184/CLTCH*unread*
       ref:/WORK/FFT_PAD/pad189/CLTCH*unread*
       ref:/WORK/FFT_PAD/pad190/CLTCH*unread*
       ref:/WORK/FFT_PAD/pad195/CLTCH*unread*
       ref:/WORK/FFT_PAD/pad196/CLTCH*unread*
       ref:/WORK/FFT_PAD/pad201/CLTCH*unread*
       ref:/WORK/FFT_PAD/pad202/CLTCH*unread*
       ref:/WORK/FFT_PAD/pad207/CPU*unread*
       ref:/WORK/FFT_PAD/pad207/CPD*unread*
       ref:/WORK/FFT_PAD/pad207/CD0*unread*
       ref:/WORK/FFT_PAD/pad207/CD1*unread*
       ref:/WORK/FFT_PAD/pad207/CLTCH*unread*

e      vddivh

       Instances : 30 of 30
       ------------------------
       ref:/WORK/FFT_PAD/pad5
       ref:/WORK/FFT_PAD/pad12
       ref:/WORK/FFT_PAD/pad19
       ref:/WORK/FFT_PAD/pad25
       ref:/WORK/FFT_PAD/pad31
       ref:/WORK/FFT_PAD/pad38
       ref:/WORK/FFT_PAD/pad44
       ref:/WORK/FFT_PAD/pad50
       ref:/WORK/FFT_PAD/pad58
       ref:/WORK/FFT_PAD/pad64
       ref:/WORK/FFT_PAD/pad70
       ref:/WORK/FFT_PAD/pad76
       ref:/WORK/FFT_PAD/pad82
       ref:/WORK/FFT_PAD/pad88
       ref:/WORK/FFT_PAD/pad93
       ref:/WORK/FFT_PAD/pad98
       ref:/WORK/FFT_PAD/pad111
       ref:/WORK/FFT_PAD/pad124
       ref:/WORK/FFT_PAD/pad130
       ref:/WORK/FFT_PAD/pad136
       ref:/WORK/FFT_PAD/pad142
       ref:/WORK/FFT_PAD/pad148
       ref:/WORK/FFT_PAD/pad154
       ref:/WORK/FFT_PAD/pad162
       ref:/WORK/FFT_PAD/pad168
       ref:/WORK/FFT_PAD/pad174
       ref:/WORK/FFT_PAD/pad180
       ref:/WORK/FFT_PAD/pad186
       ref:/WORK/FFT_PAD/pad192
       ref:/WORK/FFT_PAD/pad198

e      vddtvh

       Instances : 10 of 10
       ------------------------
       ref:/WORK/FFT_PAD/pad6
       ref:/WORK/FFT_PAD/pad13
       ref:/WORK/FFT_PAD/pad51
       ref:/WORK/FFT_PAD/pad89
       ref:/WORK/FFT_PAD/pad94
       ref:/WORK/FFT_PAD/pad99
       ref:/WORK/FFT_PAD/pad103
       ref:/WORK/FFT_PAD/pad112
       ref:/WORK/FFT_PAD/pad118
       ref:/WORK/FFT_PAD/pad155

e      vssipvh

       Instances : 34 of 34
       ------------------------
       ref:/WORK/FFT_PAD/pad4
       ref:/WORK/FFT_PAD/pad11
       ref:/WORK/FFT_PAD/pad18
       ref:/WORK/FFT_PAD/pad24
       ref:/WORK/FFT_PAD/pad30
       ref:/WORK/FFT_PAD/pad37
       ref:/WORK/FFT_PAD/pad43
       ref:/WORK/FFT_PAD/pad49
       ref:/WORK/FFT_PAD/pad57
       ref:/WORK/FFT_PAD/pad63
       ref:/WORK/FFT_PAD/pad69
       ref:/WORK/FFT_PAD/pad75
       ref:/WORK/FFT_PAD/pad81
       ref:/WORK/FFT_PAD/pad87
       ref:/WORK/FFT_PAD/pad92
       ref:/WORK/FFT_PAD/pad97
       ref:/WORK/FFT_PAD/pad102
       ref:/WORK/FFT_PAD/pad105
       ref:/WORK/FFT_PAD/pad110
       ref:/WORK/FFT_PAD/pad117
       ref:/WORK/FFT_PAD/pad123
       ref:/WORK/FFT_PAD/pad129
       ref:/WORK/FFT_PAD/pad135
       ref:/WORK/FFT_PAD/pad141
       ref:/WORK/FFT_PAD/pad147
       ref:/WORK/FFT_PAD/pad153
       ref:/WORK/FFT_PAD/pad161
       ref:/WORK/FFT_PAD/pad167
       ref:/WORK/FFT_PAD/pad173
       ref:/WORK/FFT_PAD/pad179
       ref:/WORK/FFT_PAD/pad185
       ref:/WORK/FFT_PAD/pad191
       ref:/WORK/FFT_PAD/pad197
       ref:/WORK/FFT_PAD/pad203

e      vsstvh

       Instances : 34 of 34
       ------------------------
       ref:/WORK/FFT_PAD/pad2
       ref:/WORK/FFT_PAD/pad8
       ref:/WORK/FFT_PAD/pad9
       ref:/WORK/FFT_PAD/pad15
       ref:/WORK/FFT_PAD/pad21
       ref:/WORK/FFT_PAD/pad27
       ref:/WORK/FFT_PAD/pad34
       ref:/WORK/FFT_PAD/pad40
       ref:/WORK/FFT_PAD/pad46
       ref:/WORK/FFT_PAD/pad54
       ref:/WORK/FFT_PAD/pad60
       ref:/WORK/FFT_PAD/pad66
       ref:/WORK/FFT_PAD/pad72
       ref:/WORK/FFT_PAD/pad78
       ref:/WORK/FFT_PAD/pad84
       ref:/WORK/FFT_PAD/pad91
       ref:/WORK/FFT_PAD/pad96
       ref:/WORK/FFT_PAD/pad101
       ref:/WORK/FFT_PAD/pad107
       ref:/WORK/FFT_PAD/pad114
       ref:/WORK/FFT_PAD/pad120
       ref:/WORK/FFT_PAD/pad126
       ref:/WORK/FFT_PAD/pad132
       ref:/WORK/FFT_PAD/pad138
       ref:/WORK/FFT_PAD/pad144
       ref:/WORK/FFT_PAD/pad150
       ref:/WORK/FFT_PAD/pad158
       ref:/WORK/FFT_PAD/pad164
       ref:/WORK/FFT_PAD/pad170
       ref:/WORK/FFT_PAD/pad176
       ref:/WORK/FFT_PAD/pad182
       ref:/WORK/FFT_PAD/pad188
       ref:/WORK/FFT_PAD/pad194
       ref:/WORK/FFT_PAD/pad200


1
