**************************************************
Report         : status

Reference      : ref:/WORK/FFT_PAD
Implementation : impl:/WORK/FFT_PAD
Version        : I-2013.12-SP2
Date           : Mon Nov 23 12:50:58 2020
**************************************************

********************************* Verification Results *********************************
Verification FAILED
(Equivalence checking aborted due to interrupt/timeout)
   ATTENTION: 18 failing compare points have unmatched undriven signals in their
                reference fan-in.  To report such failing points, use
                "report_failing_points -inputs unmatched -inputs undriven".
              To read about undriven signal handling, use
                "man verification_set_undriven_signals".
----------------------------------------------------------------------------------------
 Reference design: ref:/WORK/FFT_PAD
 Implementation design: impl:/WORK/FFT_PAD
 2222 Passing compare points
 18 Failing compare points
 0 Aborted compare points
 1018 Unverified compare points
----------------------------------------------------------------------------------------
Matched Compare Points     BBPin    Loop   BBNet     Cut    Port     DFF     LAT   TOTAL
----------------------------------------------------------------------------------------
Passing (equivalent)         942       0       0       0      29    1251       0    2222
Failing (not equivalent)       0       0       0       0       0      18       0      18
Unverified                     0       0       0       0       0    1018       0    1018
Not Compared
  Don't verify                60       0       0       0       4       0       0      64
****************************************************************************************
1
