**************************************************
Report         : unmatched_points

Reference      : ref:/WORK/FFT_PAD
Implementation : impl:/WORK/FFT_PAD
Version        : I-2013.12-SP2
Date           : Mon Nov 23 12:50:58 2020
**************************************************

71 Unmatched points (71 reference, 0 implementation):

  Ref  TLA        ref:/WORK/FFT_PAD/FFT/rom4/state_reg[0]

  Ref  TLA        ref:/WORK/FFT_PAD/FFT/rom4/state_reg[1]

  Ref  TLA        ref:/WORK/FFT_PAD/FFT/rom8/state_reg[0]

  Ref  TLA        ref:/WORK/FFT_PAD/FFT/rom8/state_reg[1]

  Ref  Und        ref:/WORK/FFT_PAD/FFT/rom2/valid

  Ref  Und        ref:/WORK/FFT_PAD/FFT/rom4/valid

  Ref  Und        ref:/WORK/FFT_PAD/FFT/rom8/valid

  Ref  Und        ref:/WORK/FFT_PAD/o_DATA_IMAG[12]

  Ref  Und        ref:/WORK/FFT_PAD/o_DATA_IMAG[13]

  Ref  Und        ref:/WORK/FFT_PAD/o_DATA_IMAG[14]

  Ref  Und        ref:/WORK/FFT_PAD/o_DATA_IMAG[15]

  Ref  Und        ref:/WORK/FFT_PAD/pad10.CLTCH

  Ref  Und        ref:/WORK/FFT_PAD/pad108.CLTCH

  Ref  Und        ref:/WORK/FFT_PAD/pad109.CLTCH

  Ref  Und        ref:/WORK/FFT_PAD/pad115.CLTCH

  Ref  Und        ref:/WORK/FFT_PAD/pad116.CLTCH

  Ref  Und        ref:/WORK/FFT_PAD/pad121.CLTCH

  Ref  Und        ref:/WORK/FFT_PAD/pad122.CLTCH

  Ref  Und        ref:/WORK/FFT_PAD/pad127.CLTCH

  Ref  Und        ref:/WORK/FFT_PAD/pad128.CLTCH

  Ref  Und        ref:/WORK/FFT_PAD/pad133.CLTCH

  Ref  Und        ref:/WORK/FFT_PAD/pad134.CLTCH

  Ref  Und        ref:/WORK/FFT_PAD/pad139.CLTCH

  Ref  Und        ref:/WORK/FFT_PAD/pad140.CLTCH

  Ref  Und        ref:/WORK/FFT_PAD/pad145.CLTCH

  Ref  Und        ref:/WORK/FFT_PAD/pad146.CLTCH

  Ref  Und        ref:/WORK/FFT_PAD/pad151.CLTCH

  Ref  Und        ref:/WORK/FFT_PAD/pad152.CLTCH

  Ref  Und        ref:/WORK/FFT_PAD/pad159.CLTCH

  Ref  Und        ref:/WORK/FFT_PAD/pad16.CLTCH

  Ref  Und        ref:/WORK/FFT_PAD/pad160.CLTCH

  Ref  Und        ref:/WORK/FFT_PAD/pad165.CLTCH

  Ref  Und        ref:/WORK/FFT_PAD/pad166.CLTCH

  Ref  Und        ref:/WORK/FFT_PAD/pad17.CLTCH

  Ref  Und        ref:/WORK/FFT_PAD/pad171.CLTCH

  Ref  Und        ref:/WORK/FFT_PAD/pad172.CLTCH

  Ref  Und        ref:/WORK/FFT_PAD/pad177.CLTCH

  Ref  Und        ref:/WORK/FFT_PAD/pad178.CLTCH

  Ref  Und        ref:/WORK/FFT_PAD/pad183.CLTCH

  Ref  Und        ref:/WORK/FFT_PAD/pad184.CLTCH

  Ref  Und        ref:/WORK/FFT_PAD/pad189.CLTCH

  Ref  Und        ref:/WORK/FFT_PAD/pad190.CLTCH

  Ref  Und        ref:/WORK/FFT_PAD/pad195.CLTCH

  Ref  Und        ref:/WORK/FFT_PAD/pad196.CLTCH

  Ref  Und        ref:/WORK/FFT_PAD/pad201.CLTCH

  Ref  Und        ref:/WORK/FFT_PAD/pad202.CLTCH

  Ref  Und        ref:/WORK/FFT_PAD/pad205.CLTCH

  Ref  Und        ref:/WORK/FFT_PAD/pad207.CLTCH

  Ref  Und        ref:/WORK/FFT_PAD/pad22.CLTCH

  Ref  Und        ref:/WORK/FFT_PAD/pad23.CLTCH

  Ref  Und        ref:/WORK/FFT_PAD/pad28.CLTCH

  Ref  Und        ref:/WORK/FFT_PAD/pad29.CLTCH

  Ref  Und        ref:/WORK/FFT_PAD/pad3.CLTCH

  Ref  Und        ref:/WORK/FFT_PAD/pad35.CLTCH

  Ref  Und        ref:/WORK/FFT_PAD/pad36.CLTCH

  Ref  Und        ref:/WORK/FFT_PAD/pad41.CLTCH

  Ref  Und        ref:/WORK/FFT_PAD/pad42.CLTCH

  Ref  Und        ref:/WORK/FFT_PAD/pad47.CLTCH

  Ref  Und        ref:/WORK/FFT_PAD/pad48.CLTCH

  Ref  Und        ref:/WORK/FFT_PAD/pad55.CLTCH

  Ref  Und        ref:/WORK/FFT_PAD/pad56.CLTCH

  Ref  Und        ref:/WORK/FFT_PAD/pad61.CLTCH

  Ref  Und        ref:/WORK/FFT_PAD/pad62.CLTCH

  Ref  Und        ref:/WORK/FFT_PAD/pad67.CLTCH

  Ref  Und        ref:/WORK/FFT_PAD/pad68.CLTCH

  Ref  Und        ref:/WORK/FFT_PAD/pad73.CLTCH

  Ref  Und        ref:/WORK/FFT_PAD/pad74.CLTCH

  Ref  Und        ref:/WORK/FFT_PAD/pad79.CLTCH

  Ref  Und        ref:/WORK/FFT_PAD/pad80.CLTCH

  Ref  Und        ref:/WORK/FFT_PAD/pad85.CLTCH

  Ref  Und        ref:/WORK/FFT_PAD/pad86.CLTCH

 [BBNet: multiply-driven net
  BBox:  black-box
  BBPin: black-box pin
  Block: hierarchical block
  BlPin: hierarchical block pin
  Cut:   cut-point
  DFF:   non-constant DFF register
  DFF0:  constant 0 DFF register
  DFF1:  constant 1 DFF register
  DFFX:  constant X DFF register
  DFF0X: constrained 0X DFF register
  DFF1X: constrained 1X DFF register
  LAT:   non-constant latch register
  LAT0:  constant 0 latch register
  LAT1:  constant 1 latch register
  LATX:  constant X latch register
  LAT0X: constrained 0X latch register
  LAT1X: constrained 1X latch register
  LATCG: clock-gating latch register
  TLA:   transparent latch register
  TLA0X: transparent constrained 0X latch register
  TLA1X: transparent constrained 1X latch register
  Loop:  cycle break point
  Net:   matchable net
  Port:  primary (top-level) port
  Und:   undriven signal cut-point
  Unk:   unknown signal cut-point]

1
